Using pip 25.3 from /usr/local/lib/python3.12/dist-packages/pip (python 3.12)
Obtaining file:///signatory
  Checking if build backend supports build_editable: started
  Running command Checking if build backend supports build_editable
  Checking if build backend supports build_editable: finished with status 'done'
  Preparing editable metadata (pyproject.toml): started
  Running command Preparing editable metadata (pyproject.toml)
  /usr/local/lib/python3.12/dist-packages/setuptools/dist.py:759: SetuptoolsDeprecationWarning: License classifiers are deprecated.
  !!

          ********************************************************************************
          Please consider removing the following classifiers in favor of a SPDX license expression:

          License :: OSI Approved :: Apache Software License

          See https://packaging.python.org/en/latest/guides/writing-pyproject-toml/#license for details.
          ********************************************************************************

  !!
    self._finalize_license_expression()
  running dist_info
  creating /tmp/pip-modern-metadata-wjlwrq1v/signatory.egg-info
  writing /tmp/pip-modern-metadata-wjlwrq1v/signatory.egg-info/PKG-INFO
  writing dependency_links to /tmp/pip-modern-metadata-wjlwrq1v/signatory.egg-info/dependency_links.txt
  writing top-level names to /tmp/pip-modern-metadata-wjlwrq1v/signatory.egg-info/top_level.txt
  writing manifest file '/tmp/pip-modern-metadata-wjlwrq1v/signatory.egg-info/SOURCES.txt'
  reading manifest file '/tmp/pip-modern-metadata-wjlwrq1v/signatory.egg-info/SOURCES.txt'
  reading manifest template 'MANIFEST.in'
  adding license file 'LICENSE'
  writing manifest file '/tmp/pip-modern-metadata-wjlwrq1v/signatory.egg-info/SOURCES.txt'
  creating '/tmp/pip-modern-metadata-wjlwrq1v/signatory-2.0.0.dist-info'
  Preparing editable metadata (pyproject.toml): finished with status 'done'
Building wheels for collected packages: signatory
  Building editable for signatory (pyproject.toml): started
  Running command Building editable for signatory (pyproject.toml)
  /usr/local/lib/python3.12/dist-packages/setuptools/dist.py:759: SetuptoolsDeprecationWarning: License classifiers are deprecated.
  !!

          ********************************************************************************
          Please consider removing the following classifiers in favor of a SPDX license expression:

          License :: OSI Approved :: Apache Software License

          See https://packaging.python.org/en/latest/guides/writing-pyproject-toml/#license for details.
          ********************************************************************************

  !!
    self._finalize_license_expression()
  running editable_wheel
  creating /tmp/pip-ephem-wheel-cache-mghouf2m/wheels/11/5f/c6/92329f69b0f67068704658b7361388800bc48c1396d5250d64/tmp1ep7niun/.tmp-7wc9hrdc/signatory.egg-info
  writing /tmp/pip-ephem-wheel-cache-mghouf2m/wheels/11/5f/c6/92329f69b0f67068704658b7361388800bc48c1396d5250d64/tmp1ep7niun/.tmp-7wc9hrdc/signatory.egg-info/PKG-INFO
  writing dependency_links to /tmp/pip-ephem-wheel-cache-mghouf2m/wheels/11/5f/c6/92329f69b0f67068704658b7361388800bc48c1396d5250d64/tmp1ep7niun/.tmp-7wc9hrdc/signatory.egg-info/dependency_links.txt
  writing top-level names to /tmp/pip-ephem-wheel-cache-mghouf2m/wheels/11/5f/c6/92329f69b0f67068704658b7361388800bc48c1396d5250d64/tmp1ep7niun/.tmp-7wc9hrdc/signatory.egg-info/top_level.txt
  writing manifest file '/tmp/pip-ephem-wheel-cache-mghouf2m/wheels/11/5f/c6/92329f69b0f67068704658b7361388800bc48c1396d5250d64/tmp1ep7niun/.tmp-7wc9hrdc/signatory.egg-info/SOURCES.txt'
  reading manifest file '/tmp/pip-ephem-wheel-cache-mghouf2m/wheels/11/5f/c6/92329f69b0f67068704658b7361388800bc48c1396d5250d64/tmp1ep7niun/.tmp-7wc9hrdc/signatory.egg-info/SOURCES.txt'
  reading manifest template 'MANIFEST.in'
  adding license file 'LICENSE'
  writing manifest file '/tmp/pip-ephem-wheel-cache-mghouf2m/wheels/11/5f/c6/92329f69b0f67068704658b7361388800bc48c1396d5250d64/tmp1ep7niun/.tmp-7wc9hrdc/signatory.egg-info/SOURCES.txt'
  creating '/tmp/pip-ephem-wheel-cache-mghouf2m/wheels/11/5f/c6/92329f69b0f67068704658b7361388800bc48c1396d5250d64/tmp1ep7niun/.tmp-7wc9hrdc/signatory-2.0.0.dist-info'
  creating /tmp/pip-ephem-wheel-cache-mghouf2m/wheels/11/5f/c6/92329f69b0f67068704658b7361388800bc48c1396d5250d64/tmp1ep7niun/.tmp-7wc9hrdc/signatory-2.0.0.dist-info/WHEEL
  running build_py
  running build_ext
  building '_impl' extension
  creating /tmp/tmp0rwtze28.build-temp/src
  [1/6] c++ -MMD -MF /tmp/tmp0rwtze28.build-temp/src/misc.o.d -fno-strict-overflow -Wsign-compare -DNDEBUG -g -O2 -Wall -fPIC -I/usr/local/lib/python3.12/dist-packages/torch/include -I/usr/local/lib/python3.12/dist-packages/torch/include/torch/csrc/api/include -I/usr/include/python3.12 -c -c /signatory/src/misc.cpp -o /tmp/tmp0rwtze28.build-temp/src/misc.o -fvisibility=hidden -fopenmp -DTORCH_API_INCLUDE_EXTENSION_H -DTORCH_EXTENSION_NAME=_impl -std=c++17
  [2/6] c++ -MMD -MF /tmp/tmp0rwtze28.build-temp/src/logsignature.o.d -fno-strict-overflow -Wsign-compare -DNDEBUG -g -O2 -Wall -fPIC -I/usr/local/lib/python3.12/dist-packages/torch/include -I/usr/local/lib/python3.12/dist-packages/torch/include/torch/csrc/api/include -I/usr/include/python3.12 -c -c /signatory/src/logsignature.cpp -o /tmp/tmp0rwtze28.build-temp/src/logsignature.o -fvisibility=hidden -fopenmp -DTORCH_API_INCLUDE_EXTENSION_H -DTORCH_EXTENSION_NAME=_impl -std=c++17
  [3/6] c++ -MMD -MF /tmp/tmp0rwtze28.build-temp/src/signature.o.d -fno-strict-overflow -Wsign-compare -DNDEBUG -g -O2 -Wall -fPIC -I/usr/local/lib/python3.12/dist-packages/torch/include -I/usr/local/lib/python3.12/dist-packages/torch/include/torch/csrc/api/include -I/usr/include/python3.12 -c -c /signatory/src/signature.cpp -o /tmp/tmp0rwtze28.build-temp/src/signature.o -fvisibility=hidden -fopenmp -DTORCH_API_INCLUDE_EXTENSION_H -DTORCH_EXTENSION_NAME=_impl -std=c++17
  [4/6] c++ -MMD -MF /tmp/tmp0rwtze28.build-temp/src/lyndon.o.d -fno-strict-overflow -Wsign-compare -DNDEBUG -g -O2 -Wall -fPIC -I/usr/local/lib/python3.12/dist-packages/torch/include -I/usr/local/lib/python3.12/dist-packages/torch/include/torch/csrc/api/include -I/usr/include/python3.12 -c -c /signatory/src/lyndon.cpp -o /tmp/tmp0rwtze28.build-temp/src/lyndon.o -fvisibility=hidden -fopenmp -DTORCH_API_INCLUDE_EXTENSION_H -DTORCH_EXTENSION_NAME=_impl -std=c++17
  [5/6] c++ -MMD -MF /tmp/tmp0rwtze28.build-temp/src/tensor_algebra_ops.o.d -fno-strict-overflow -Wsign-compare -DNDEBUG -g -O2 -Wall -fPIC -I/usr/local/lib/python3.12/dist-packages/torch/include -I/usr/local/lib/python3.12/dist-packages/torch/include/torch/csrc/api/include -I/usr/include/python3.12 -c -c /signatory/src/tensor_algebra_ops.cpp -o /tmp/tmp0rwtze28.build-temp/src/tensor_algebra_ops.o -fvisibility=hidden -fopenmp -DTORCH_API_INCLUDE_EXTENSION_H -DTORCH_EXTENSION_NAME=_impl -std=c++17
  [6/6] c++ -MMD -MF /tmp/tmp0rwtze28.build-temp/src/pytorchbind.o.d -fno-strict-overflow -Wsign-compare -DNDEBUG -g -O2 -Wall -fPIC -I/usr/local/lib/python3.12/dist-packages/torch/include -I/usr/local/lib/python3.12/dist-packages/torch/include/torch/csrc/api/include -I/usr/include/python3.12 -c -c /signatory/src/pytorchbind.cpp -o /tmp/tmp0rwtze28.build-temp/src/pytorchbind.o -fvisibility=hidden -fopenmp -DTORCH_API_INCLUDE_EXTENSION_H -DTORCH_EXTENSION_NAME=_impl -std=c++17
  creating /tmp/tmp0y7er1d4.build-lib/signatory
  x86_64-linux-gnu-g++ -fno-strict-overflow -Wsign-compare -DNDEBUG -g -O2 -Wall -shared -Wl,-O1 -Wl,-Bsymbolic-functions /tmp/tmp0rwtze28.build-temp/src/logsignature.o /tmp/tmp0rwtze28.build-temp/src/lyndon.o /tmp/tmp0rwtze28.build-temp/src/misc.o /tmp/tmp0rwtze28.build-temp/src/pytorchbind.o /tmp/tmp0rwtze28.build-temp/src/signature.o /tmp/tmp0rwtze28.build-temp/src/tensor_algebra_ops.o -L/usr/local/lib/python3.12/dist-packages/torch/lib -L/usr/lib/x86_64-linux-gnu -lc10 -ltorch -ltorch_cpu -ltorch_python -o /tmp/tmp0y7er1d4.build-lib/signatory/_impl.cpython-312-x86_64-linux-gnu.so
  copying /tmp/tmp0y7er1d4.build-lib/signatory/_impl.cpython-312-x86_64-linux-gnu.so -> src/signatory

          Editable install will be performed using .pth file to extend `sys.path` with:
          ['src']

  Options like `package-data`, `include/exclude-package-data` or
  `packages.find.exclude/include` may have no effect.

  adding '__editable__.signatory-2.0.0.pth'
  creating '/tmp/pip-ephem-wheel-cache-mghouf2m/wheels/11/5f/c6/92329f69b0f67068704658b7361388800bc48c1396d5250d64/tmp1ep7niun/.tmp-7wc9hrdc/signatory-2.0.0-0.editable-cp312-cp312-linux_x86_64.whl' and adding '/tmp/tmp20vhtgousignatory-2.0.0-0.editable-cp312-cp312-linux_x86_64.whl' to it
  adding 'signatory-2.0.0.dist-info/licenses/LICENSE'
  adding 'signatory-2.0.0.dist-info/METADATA'
  adding 'signatory-2.0.0.dist-info/WHEEL'
  adding 'signatory-2.0.0.dist-info/top_level.txt'
  adding 'signatory-2.0.0.dist-info/RECORD'
  Building editable for signatory (pyproject.toml): finished with status 'done'
  Created wheel for signatory: filename=signatory-2.0.0-0.editable-cp312-cp312-linux_x86_64.whl size=7762 sha256=ec1169dc05ebbe6efc71d4fabfd650e15c93d8a125c58458f4d5d9165b8860cb
  Stored in directory: /tmp/pip-ephem-wheel-cache-mghouf2m/wheels/11/5f/c6/92329f69b0f67068704658b7361388800bc48c1396d5250d64
Successfully built signatory
Installing collected packages: signatory
Successfully installed signatory-2.0.0
WARNING: Running pip as the 'root' user can result in broken permissions and conflicting behaviour with the system package manager, possibly rendering your system unusable. It is recommended to use a virtual environment instead: https://pip.pypa.io/warnings/venv. Use the --root-user-action option if you know what you are doing and want to suppress this warning.
